
> clarity-scans@0.1.0 build
> next build

  Γû▓ Next.js 14.2.35
  - Environments: .env.local

   Creating an optimized production build ...
> [PWA] Compile server
> [PWA] Compile server
> [PWA] Compile client (static)
> [PWA] Custom worker found: C:\Users\tinoc\clarity-scans\worker\index.ts
> [PWA] Build custom worker: C:\Users\tinoc\clarity-scans\public\worker-TgA8n0a8pky0yWWuItWzZ.js
> [PWA] Auto register service worker with: C:\Users\tinoc\clarity-scans\node_modules\next-pwa\register.js
> [PWA] Service worker: C:\Users\tinoc\clarity-scans\public\sw.js
> [PWA]   url: /sw.js
> [PWA]   scope: /
node.exe : Failed to 
compile.
At line:1 char:1
+ & "C:\Program 
Files\nodejs/node.exe" 
"C:\Program 
Files\nodejs/node_mo 
...
+ ~~~~~~~~~~~~~~~~~~~~~
~~~~~~~~~~~~~~~~~~~~~~~
~~~~~~~~~~~~~~~~~~~~~~~
~~
    + CategoryInfo     
         : NotSpecifi  
  ed: (Failed to com   
 pile.:String) [],     
RemoteException
    + FullyQualifiedEr 
   rorId : NativeComm  
  andError
 

./src/components/admin/
AnxietyReductionChart.t
sx
Error: 
  [31mx[0m 
Unexpected token 
`div`. Expected jsx 
identifier
    ,-[[36;1;4mC:\User
s\tinoc\clarity-scans\s
rc\components\admin\Anx
ietyReductionChart.tsx
[0m:67:1]
 [2m67[0m |   };
 [2m68[0m | 
 [2m69[0m |   return 
(
 [2m70[0m |     <div 
className="rounded-2xl 
border 
border-surface-border 
bg-surface-card p-6">
    : [31;1m     
^^^[0m
 [2m71[0m |       
<h3 className="mb-4 
text-sm font-medium tex
t-slate-400">Anxiety 
Reduction 
Distribution</h3>
 [2m72[0m |       
<ResponsiveContainer 
width="100%" 
height={260}>
 [2m72[0m |         
<BarChart data={data}>
    `----

Caused by:
    Syntax Error

Import trace for 
requested module:
./src/components/admin/
AnxietyReductionChart.t
sx
./src/components/admin/
AnalyticsScreen.tsx


> Build failed because 
of webpack errors
