src/app/api/admin/notes/route.ts(96,15): error TS2339: Property 'radiographer_id' does not exist on type 'RadioNoteRecord'.
src/app/api/admin/upload/progress/[uploadId]/route.ts(15,28): error TS2802: Type 'MapIterator<[string, { progress: number; status: "error" | "uploading" | "processing" | "complete"; lastUpdated: number; }]>' can only be iterated through when using the '--downlevelIteration' flag or with a '--target' of 'es2015' or higher.
src/app/api/admin/videos/route.ts(31,7): error TS2532: Object is possibly 'undefined'.
src/components/admin/AnxietyReductionChart.tsx(38,9): error TS2532: Object is possibly 'undefined'.
src/components/admin/AnxietyReductionChart.tsx(80,13): error TS2322: Type '(val: number) => [number, string]' is not assignable to type 'Formatter<ValueType, NameType> & ((value: ValueType, name: NameType, item: TooltipPayloadEntry, index: number, payload: TooltipPayload) => ReactNode | [...])'.
  Type '(val: number) => [number, string]' is not assignable to type 'Formatter<ValueType, NameType>'.
    Types of parameters 'val' and 'value' are incompatible.
      Type 'ValueType | undefined' is not assignable to type 'number'.
        Type 'undefined' is not assignable to type 'number'.
src/components/admin/FeedbackTable.tsx(169,27): error TS2352: Conversion of type 'FeedbackRecord' to type 'Record<string, unknown>' may be a mistake because neither type sufficiently overlaps with the other. If this was intentional, convert the expression to 'unknown' first.
  Index signature for type 'string' is missing in type 'FeedbackRecord'.
src/components/admin/LanguageChart.tsx(128,17): error TS2322: Type '(value: number) => [string, string]' is not assignable to type 'Formatter<ValueType, NameType> & ((value: ValueType, name: NameType, item: TooltipPayloadEntry, index: number, payload: TooltipPayload) => ReactNode | [...])'.
  Type '(value: number) => [string, string]' is not assignable to type 'Formatter<ValueType, NameType>'.
    Types of parameters 'value' and 'value' are incompatible.
      Type 'ValueType | undefined' is not assignable to type 'number'.
        Type 'undefined' is not assignable to type 'number'.
src/components/admin/NewNoteForm.tsx(207,26): error TS18048: 'firstErr' is possibly 'undefined'.
src/components/admin/SessionsChart.tsx(102,17): error TS2322: Type '(value: number) => [number, string]' is not assignable to type 'Formatter<ValueType, NameType> & ((value: ValueType, name: NameType, item: TooltipPayloadEntry, index: number, payload: TooltipPayload) => ReactNode | [...])'.
  Type '(value: number) => [number, string]' is not assignable to type 'Formatter<ValueType, NameType>'.
    Types of parameters 'value' and 'value' are incompatible.
      Type 'ValueType | undefined' is not assignable to type 'number'.
        Type 'undefined' is not assignable to type 'number'.
src/components/admin/VideoContentMatrix.tsx(145,27): error TS2322: Type 'Date' is not assignable to type 'string'.
src/components/patient/BreathHoldIntroCard.tsx(14,47): error TS2339: Property '_locale' does not exist on type 'BreathHoldIntroCardProps'.
src/components/patient/BreathHoldScreen.tsx(128,9): error TS2322: Type '{ locale: Locale; title: string; showBack: true; backHref: string; rightAction: Element; }' is not assignable to type 'IntrinsicAttributes & PatientHeaderProps'.
  Property 'rightAction' does not exist on type 'IntrinsicAttributes & PatientHeaderProps'.
src/components/patient/BreathHoldScreen.tsx(152,15): error TS2322: Type 'BreathPhase' is not assignable to type '"idle" | "inhale" | "hold" | "exhale" | "complete"'.
  Type '"rest"' is not assignable to type '"idle" | "inhale" | "hold" | "exhale" | "complete"'.
src/components/patient/FeedbackScreen.tsx(216,15): error TS2322: Type 'boolean | null | undefined' is not assignable to type 'boolean | null'.
  Type 'undefined' is not assignable to type 'boolean | null'.
src/components/patient/FeedbackScreen.tsx(232,15): error TS2322: Type 'boolean | null | undefined' is not assignable to type 'boolean | null'.
  Type 'undefined' is not assignable to type 'boolean | null'.
src/components/patient/FeedbackScreen.tsx(266,10): error TS2375: Type '{ anxietyBefore: number | null | undefined; anxietyAfter: number | null | undefined; onNewPatient: () => void; }' is not assignable to type 'ThankYouCardProps' with 'exactOptionalPropertyTypes: true'. Consider adding 'undefined' to the types of the target's properties.
  Types of property 'anxietyBefore' are incompatible.
    Type 'number | null | undefined' is not assignable to type 'number | null'.
      Type 'undefined' is not assignable to type 'number | null'.
src/components/patient/FeedbackScreen.tsx(293,64): error TS18048: 'currentQ' is possibly 'undefined'.
src/components/patient/FeedbackScreen.tsx(294,14): error TS18048: 'currentQ' is possibly 'undefined'.
src/hooks/useIntersectionObserver.ts(29,39): error TS18048: 'entry' is possibly 'undefined'.
src/hooks/useKeyboardShortcuts.ts(33,9): error TS2722: Cannot invoke an object which is possibly 'undefined'.
src/hooks/useSwipeDown.ts(22,27): error TS2532: Object is possibly 'undefined'.
src/hooks/useSwipeDown.ts(28,20): error TS2532: Object is possibly 'undefined'.
src/lib/db.mock.ts(17,3): error TS2741: Property 'updated_at' is missing in type '{ id: string; slug: "what-is-ct"; language: "en"; title: string; description: string; blob_url: string; thumbnail_url: null; duration_seconds: number; sort_order: number; is_active: false; created_at: Date; }' but required in type 'VideoRecord'.
src/lib/db.mock.ts(30,3): error TS2741: Property 'updated_at' is missing in type '{ id: string; slug: "prepare"; language: "en"; title: string; description: string; blob_url: string; thumbnail_url: null; duration_seconds: number; sort_order: number; is_active: false; created_at: Date; }' but required in type 'VideoRecord'.
src/lib/db.mock.ts(43,3): error TS2741: Property 'updated_at' is missing in type '{ id: string; slug: "breathhold"; language: "en"; title: string; description: string; blob_url: string; thumbnail_url: null; duration_seconds: number; sort_order: number; is_active: false; created_at: Date; }' but required in type 'VideoRecord'.
src/lib/db.mock.ts(56,3): error TS2741: Property 'updated_at' is missing in type '{ id: string; slug: "contrast"; language: "en"; title: string; description: string; blob_url: string; thumbnail_url: null; duration_seconds: number; sort_order: number; is_active: false; created_at: Date; }' but required in type 'VideoRecord'.
src/lib/db.mock.ts(69,3): error TS2741: Property 'updated_at' is missing in type '{ id: string; slug: "staying-still"; language: "en"; title: string; description: string; blob_url: string; thumbnail_url: null; duration_seconds: number; sort_order: number; is_active: false; created_at: Date; }' but required in type 'VideoRecord'.
src/lib/db.mock.ts(202,9): error TS2741: Property 'updated_at' is missing in type '{ id: string; slug: VideoSlug; language: Locale; title: string; description: string; blob_url: string; thumbnail_url: string | null; duration_seconds: number | null; sort_order: number; is_active: boolean; created_at: Date; }' but required in type 'VideoRecord'.
src/lib/db.mock.ts(285,3): error TS2739: Type '{ totalSessions: number; avgAnxietyBefore: number; avgAnxietyAfter: number; avgAnxietyReduction: number; helpfulRate: number; understoodRate: number; totalFeedback: number; }' is missing the following properties from type 'FeedbackSummary': positiveReductionRate, distributionBefore, distributionAfter, dailyCounts, languageDistribution
src/lib/db.mock.ts(310,5): error TS2322: Type 'string | null | undefined' is not assignable to type 'string'.
  Type 'undefined' is not assignable to type 'string'.
src/lib/globalErrorHandler.ts(32,52): error TS2345: Argument of type 'unknown' is not assignable to parameter of type 'LogContext | undefined'.
src/lib/offlineQueue.ts(45,59): error TS2345: Argument of type 'unknown' is not assignable to parameter of type 'LogContext | undefined'.
src/lib/queries/feedback.ts(152,5): error TS2322: Type '{ date: string | undefined; count: number; }[]' is not assignable to type '{ date: string; count: number; }[]'.
  Type '{ date: string | undefined; count: number; }' is not assignable to type '{ date: string; count: number; }'.
    Types of property 'date' are incompatible.
      Type 'string | undefined' is not assignable to type 'string'.
        Type 'undefined' is not assignable to type 'string'.
src/lib/queries/sessions.ts(146,5): error TS2322: Type '{ date: string | undefined; count: number; }[]' is not assignable to type '{ date: string; count: number; }[]'.
  Type '{ date: string | undefined; count: number; }' is not assignable to type '{ date: string; count: number; }'.
    Types of property 'date' are incompatible.
      Type 'string | undefined' is not assignable to type 'string'.
        Type 'undefined' is not assignable to type 'string'.
src/lib/rateLimit.ts(33,30): error TS2802: Type 'MapIterator<[string, RateLimitRecord]>' can only be iterated through when using the '--downlevelIteration' flag or with a '--target' of 'es2015' or higher.
src/lib/retry.ts(45,111): error TS2345: Argument of type 'unknown' is not assignable to parameter of type 'LogContext | undefined'.
src/lib/safeStorage.ts(35,66): error TS2345: Argument of type 'unknown' is not assignable to parameter of type 'LogContext | undefined'.
src/lib/safeStorage.ts(56,60): error TS2345: Argument of type 'unknown' is not assignable to parameter of type 'LogContext | undefined'.
src/lib/safeStorage.ts(72,63): error TS2345: Argument of type 'unknown' is not assignable to parameter of type 'LogContext | undefined'.
worker/index.ts(4,15): error TS2451: Cannot redeclare block-scoped variable 'self'.
worker/index.ts(22,3): error TS2322: Type 'Promise<unknown>' is not assignable to type 'Promise<any[]>'.
  Type 'unknown' is not assignable to type 'any[]'.
worker/index.ts(35,3): error TS2322: Type 'Promise<unknown>' is not assignable to type 'Promise<void>'.
  Type 'unknown' is not assignable to type 'void'.
worker/index.ts(41,35): error TS2794: Expected 1 arguments, but got 0. Did you forget to include 'void' in your type argument to 'Promise'?
worker/index.ts(48,3): error TS2322: Type 'Promise<unknown>' is not assignable to type 'Promise<void>'.
  Type 'unknown' is not assignable to type 'void'.
worker/index.ts(54,35): error TS2794: Expected 1 arguments, but got 0. Did you forget to include 'void' in your type argument to 'Promise'?
worker/index.ts(95,30): error TS2551: Property 'clients' does not exist on type 'Window & typeof globalThis'. Did you mean 'Clients'?
